Lockfile is up to date, resolution step is skipped
Progress: resolved 1, reused 0, downloaded 0, added 0
Packages: +2
++

   ╭─────────────────────────────────────────╮
   │                                         │
   │   Update available! 10.28.0 → 12.9.1.   │
   │   Changelog: https://pnpm.io/v/12.9.1   │
   │    To update, run: pnpm add -g pnpm     │
   │                                         │
   ╰─────────────────────────────────────────╯

Progress: resolved 2, reused 0, downloaded 2, added 2, done

devDependencies:
+ @tauri-apps/cli 2.12.1

Done in 1s using pnpm v10.28.0
Lockfile is up to date, resolution step is skipped
Progress: resolved 1, reused 0, downloaded 0, added 0
Packages: +402
++++++++++++++++++++++++++++++++++++++++++++++++++++++++++++++++++++++++++++++++
Progress: resolved 402, reused 0, downloaded 136, added 104
Progress: resolved 402, reused 0, downloaded 401, added 401
Progress: resolved 402, reused 0, downloaded 402, added 402, done
.../esbuild@0.28.2/node_modules/esbuild postinstall$ node install.js
.../esbuild@0.28.2/node_modules/esbuild postinstall: Done

dependencies:
+ @hookform/resolvers 5.9.1
+ @radix-ui/react-alert-dialog 1.1.23
+ @radix-ui/react-checkbox 1.3.11
+ @radix-ui/react-dialog 1.1.23
+ @radix-ui/react-dropdown-menu 2.1.24
+ @radix-ui/react-select 2.3.7
+ @radix-ui/react-slot 1.3.3
+ @radix-ui/react-switch 1.3.7
+ @radix-ui/react-tooltip 1.2.16
+ @tanstack/react-query 5.104.0
+ @tauri-apps/api 2.12.0
+ @tauri-apps/plugin-dialog 2.8.1
+ @tauri-apps/plugin-opener 2.7.0
+ class-variance-authority 0.7.1
+ clsx 2.1.1
+ i18next 24.2.3
+ lucide-react 0.475.0
+ react 18.3.1
+ react-dom 18.3.1
+ react-hook-form 7.89.0
+ react-i18next 15.7.4
+ react-router-dom 7.18.4
+ sonner 2.0.8
+ tailwind-merge 3.7.0
+ zod 4.6.5

devDependencies:
+ @eslint/js 9.39.5
+ @playwright/test 1.63.0
+ @testing-library/jest-dom 6.10.0
+ @testing-library/react 16.3.3
+ @testing-library/user-event 14.6.7
+ @types/node 22.20.4
+ @types/react 18.3.31
+ @types/react-dom 18.3.7
+ @vitejs/plugin-react 4.7.0
+ autoprefixer 10.6.1
+ eslint 9.39.5
+ eslint-plugin-react-hooks 5.2.0
+ eslint-plugin-react-refresh 0.4.26
+ globals 15.15.0
+ jsdom 26.1.0
+ postcss 8.5.28
+ prettier 3.9.9
+ tailwindcss 3.4.19
+ typescript 5.9.3
+ typescript-eslint 8.71.0
+ vite 7.3.6
+ vitest 3.2.7

Done in 2.9s using pnpm v10.28.0
